Analysis & Synthesis report for MIPS-Verilog
Mon Feb 19 13:22:42 2024
Quartus Prime Version 20.1.1 Build 720 11/11/2020 SJ Lite Edition


---------------------
; Table of Contents ;
---------------------
  1. Legal Notice
  2. Analysis & Synthesis Summary
  3. Analysis & Synthesis Settings
  4. Parallel Compilation
  5. Analysis & Synthesis Source Files Read
  6. Analysis & Synthesis Resource Usage Summary
  7. Analysis & Synthesis Resource Utilization by Entity
  8. General Register Statistics
  9. Port Connectivity Checks: "ula:mips_ula"
 10. Port Connectivity Checks: "mux_32:regfile_ula_mux"
 11. Port Connectivity Checks: "regfile:mips_regfile"
 12. Port Connectivity Checks: "i_mem:current_instruction"
 13. Port Connectivity Checks: "control:mips_control"
 14. Post-Synthesis Netlist Statistics for Top Partition
 15. Elapsed Time Per Partition
 16. Analysis & Synthesis Messages
 17. Analysis & Synthesis Suppressed Messages



----------------
; Legal Notice ;
----------------
Copyright (C) 2020  Intel Corporation. All rights reserved.
Your use of Intel Corporation's design tools, logic functions 
and other software and tools, and any partner logic 
functions, and any output files from any of the foregoing 
(including device programming or simulation files), and any 
associated documentation or information are expressly subject 
to the terms and conditions of the Intel Program License 
Subscription Agreement, the Intel Quartus Prime License Agreement,
the Intel FPGA IP License Agreement, or other applicable license
agreement, including, without limitation, that your use is for
the sole purpose of programming logic devices manufactured by
Intel and sold by Intel or its authorized distributors.  Please
refer to the applicable agreement for further details, at
https://fpgasoftware.intel.com/eula.



+-------------------------------------------------------------------------------+
; Analysis & Synthesis Summary                                                  ;
+---------------------------------+---------------------------------------------+
; Analysis & Synthesis Status     ; Successful - Mon Feb 19 13:22:42 2024       ;
; Quartus Prime Version           ; 20.1.1 Build 720 11/11/2020 SJ Lite Edition ;
; Revision Name                   ; MIPS-Verilog                                ;
; Top-level Entity Name           ; mips_top_level                              ;
; Family                          ; Cyclone V                                   ;
; Logic utilization (in ALMs)     ; N/A                                         ;
; Total registers                 ; 33                                          ;
; Total pins                      ; 98                                          ;
; Total virtual pins              ; 0                                           ;
; Total block memory bits         ; 0                                           ;
; Total DSP Blocks                ; 0                                           ;
; Total HSSI RX PCSs              ; 0                                           ;
; Total HSSI PMA RX Deserializers ; 0                                           ;
; Total HSSI TX PCSs              ; 0                                           ;
; Total HSSI PMA TX Serializers   ; 0                                           ;
; Total PLLs                      ; 0                                           ;
; Total DLLs                      ; 0                                           ;
+---------------------------------+---------------------------------------------+


+---------------------------------------------------------------------------------------------------------------------------+
; Analysis & Synthesis Settings                                                                                             ;
+---------------------------------------------------------------------------------+--------------------+--------------------+
; Option                                                                          ; Setting            ; Default Value      ;
+---------------------------------------------------------------------------------+--------------------+--------------------+
; Device                                                                          ; 5CGXFC7C7F23C8     ;                    ;
; Top-level entity name                                                           ; mips_top_level     ; MIPS-Verilog       ;
; Family name                                                                     ; Cyclone V          ; Cyclone V          ;
; Use smart compilation                                                           ; Off                ; Off                ;
; Enable parallel Assembler and Timing Analyzer during compilation                ; On                 ; On                 ;
; Enable compact report table                                                     ; Off                ; Off                ;
; Restructure Multiplexers                                                        ; Auto               ; Auto               ;
; MLAB Add Timing Constraints For Mixed-Port Feed-Through Mode Setting Don't Care ; Off                ; Off                ;
; Create Debugging Nodes for IP Cores                                             ; Off                ; Off                ;
; Preserve fewer node names                                                       ; On                 ; On                 ;
; Intel FPGA IP Evaluation Mode                                                   ; Enable             ; Enable             ;
; Verilog Version                                                                 ; Verilog_2001       ; Verilog_2001       ;
; VHDL Version                                                                    ; VHDL_1993          ; VHDL_1993          ;
; State Machine Processing                                                        ; Auto               ; Auto               ;
; Safe State Machine                                                              ; Off                ; Off                ;
; Extract Verilog State Machines                                                  ; On                 ; On                 ;
; Extract VHDL State Machines                                                     ; On                 ; On                 ;
; Ignore Verilog initial constructs                                               ; Off                ; Off                ;
; Iteration limit for constant Verilog loops                                      ; 5000               ; 5000               ;
; Iteration limit for non-constant Verilog loops                                  ; 250                ; 250                ;
; Add Pass-Through Logic to Inferred RAMs                                         ; On                 ; On                 ;
; Infer RAMs from Raw Logic                                                       ; On                 ; On                 ;
; Parallel Synthesis                                                              ; On                 ; On                 ;
; DSP Block Balancing                                                             ; Auto               ; Auto               ;
; NOT Gate Push-Back                                                              ; On                 ; On                 ;
; Power-Up Don't Care                                                             ; On                 ; On                 ;
; Remove Redundant Logic Cells                                                    ; Off                ; Off                ;
; Remove Duplicate Registers                                                      ; On                 ; On                 ;
; Ignore CARRY Buffers                                                            ; Off                ; Off                ;
; Ignore CASCADE Buffers                                                          ; Off                ; Off                ;
; Ignore GLOBAL Buffers                                                           ; Off                ; Off                ;
; Ignore ROW GLOBAL Buffers                                                       ; Off                ; Off                ;
; Ignore LCELL Buffers                                                            ; Off                ; Off                ;
; Ignore SOFT Buffers                                                             ; On                 ; On                 ;
; Limit AHDL Integers to 32 Bits                                                  ; Off                ; Off                ;
; Optimization Technique                                                          ; Balanced           ; Balanced           ;
; Carry Chain Length                                                              ; 70                 ; 70                 ;
; Auto Carry Chains                                                               ; On                 ; On                 ;
; Auto Open-Drain Pins                                                            ; On                 ; On                 ;
; Perform WYSIWYG Primitive Resynthesis                                           ; Off                ; Off                ;
; Auto ROM Replacement                                                            ; On                 ; On                 ;
; Auto RAM Replacement                                                            ; On                 ; On                 ;
; Auto DSP Block Replacement                                                      ; On                 ; On                 ;
; Auto Shift Register Replacement                                                 ; Auto               ; Auto               ;
; Allow Shift Register Merging across Hierarchies                                 ; Auto               ; Auto               ;
; Auto Clock Enable Replacement                                                   ; On                 ; On                 ;
; Strict RAM Replacement                                                          ; Off                ; Off                ;
; Allow Synchronous Control Signals                                               ; On                 ; On                 ;
; Force Use of Synchronous Clear Signals                                          ; Off                ; Off                ;
; Auto Resource Sharing                                                           ; Off                ; Off                ;
; Allow Any RAM Size For Recognition                                              ; Off                ; Off                ;
; Allow Any ROM Size For Recognition                                              ; Off                ; Off                ;
; Allow Any Shift Register Size For Recognition                                   ; Off                ; Off                ;
; Use LogicLock Constraints during Resource Balancing                             ; On                 ; On                 ;
; Ignore translate_off and synthesis_off directives                               ; Off                ; Off                ;
; Timing-Driven Synthesis                                                         ; On                 ; On                 ;
; Report Parameter Settings                                                       ; On                 ; On                 ;
; Report Source Assignments                                                       ; On                 ; On                 ;
; Report Connectivity Checks                                                      ; On                 ; On                 ;
; Ignore Maximum Fan-Out Assignments                                              ; Off                ; Off                ;
; Synchronization Register Chain Length                                           ; 3                  ; 3                  ;
; Power Optimization During Synthesis                                             ; Normal compilation ; Normal compilation ;
; HDL message level                                                               ; Level2             ; Level2             ;
; Suppress Register Optimization Related Messages                                 ; Off                ; Off                ;
; Number of Removed Registers Reported in Synthesis Report                        ; 5000               ; 5000               ;
; Number of Swept Nodes Reported in Synthesis Report                              ; 5000               ; 5000               ;
; Number of Inverted Registers Reported in Synthesis Report                       ; 100                ; 100                ;
; Clock MUX Protection                                                            ; On                 ; On                 ;
; Auto Gated Clock Conversion                                                     ; Off                ; Off                ;
; Block Design Naming                                                             ; Auto               ; Auto               ;
; SDC constraint protection                                                       ; Off                ; Off                ;
; Synthesis Effort                                                                ; Auto               ; Auto               ;
; Shift Register Replacement - Allow Asynchronous Clear Signal                    ; On                 ; On                 ;
; Pre-Mapping Resynthesis Optimization                                            ; Off                ; Off                ;
; Analysis & Synthesis Message Level                                              ; Medium             ; Medium             ;
; Disable Register Merging Across Hierarchies                                     ; Auto               ; Auto               ;
; Resource Aware Inference For Block RAM                                          ; On                 ; On                 ;
; Automatic Parallel Synthesis                                                    ; On                 ; On                 ;
; Partial Reconfiguration Bitstream ID                                            ; Off                ; Off                ;
+---------------------------------------------------------------------------------+--------------------+--------------------+


+------------------------------------------+
; Parallel Compilation                     ;
+----------------------------+-------------+
; Processors                 ; Number      ;
+----------------------------+-------------+
; Number detected on machine ; 8           ;
; Maximum allowed            ; 4           ;
;                            ;             ;
; Average used               ; 1.00        ;
; Maximum used               ; 4           ;
;                            ;             ;
; Usage by Processor         ; % Time Used ;
;     Processor 1            ; 100.0%      ;
;     Processors 2-4         ;   0.0%      ;
+----------------------------+-------------+


+-------------------------------------------------------------------------------------------------------------------------------------------------------------------------+
; Analysis & Synthesis Source Files Read                                                                                                                                  ;
+----------------------------------+-----------------+------------------------------+---------------------------------------------------------------------------+---------+
; File Name with User-Entered Path ; Used in Netlist ; File Type                    ; File Name with Absolute Path                                              ; Library ;
+----------------------------------+-----------------+------------------------------+---------------------------------------------------------------------------+---------+
; modulos/pc.v                     ; yes             ; User Verilog HDL File        ; C:/Users/lsvfi/Documents/Verilog/MIPS-Verilog/modulos/pc.v                ;         ;
; modulos/pc_plus.v                ; yes             ; User Verilog HDL File        ; C:/Users/lsvfi/Documents/Verilog/MIPS-Verilog/modulos/pc_plus.v           ;         ;
; modulos/proxPC.v                 ; yes             ; User Verilog HDL File        ; C:/Users/lsvfi/Documents/Verilog/MIPS-Verilog/modulos/proxPC.v            ;         ;
; modulos/ula.v                    ; yes             ; User Verilog HDL File        ; C:/Users/lsvfi/Documents/Verilog/MIPS-Verilog/modulos/ula.v               ;         ;
; modulos/regfile.v                ; yes             ; User Verilog HDL File        ; C:/Users/lsvfi/Documents/Verilog/MIPS-Verilog/modulos/regfile.v           ;         ;
; modulos/d_mem.v                  ; yes             ; User Verilog HDL File        ; C:/Users/lsvfi/Documents/Verilog/MIPS-Verilog/modulos/d_mem.v             ;         ;
; modulos/i_mem.v                  ; yes             ; User Verilog HDL File        ; C:/Users/lsvfi/Documents/Verilog/MIPS-Verilog/modulos/i_mem.v             ;         ;
; modulos/sign_extend.v            ; yes             ; User Verilog HDL File        ; C:/Users/lsvfi/Documents/Verilog/MIPS-Verilog/modulos/sign_extend.v       ;         ;
; modulos/control/ula_ctrl.v       ; yes             ; User Verilog HDL File        ; C:/Users/lsvfi/Documents/Verilog/MIPS-Verilog/modulos/control/ula_ctrl.v  ;         ;
; modulos/control/control.v        ; yes             ; User Verilog HDL File        ; C:/Users/lsvfi/Documents/Verilog/MIPS-Verilog/modulos/control/control.v   ;         ;
; modulos/components/mux_32.v      ; yes             ; User Verilog HDL File        ; C:/Users/lsvfi/Documents/Verilog/MIPS-Verilog/modulos/components/mux_32.v ;         ;
; modulos/mips_top_level.v         ; yes             ; User Verilog HDL File        ; C:/Users/lsvfi/Documents/Verilog/MIPS-Verilog/modulos/mips_top_level.v    ;         ;
; tests/instructions.list          ; yes             ; Auto-Found Unspecified File  ; C:/Users/lsvfi/Documents/Verilog/MIPS-Verilog/tests/instructions.list     ;         ;
+----------------------------------+-----------------+------------------------------+---------------------------------------------------------------------------+---------+


+-----------------------------------------------------------+
; Analysis & Synthesis Resource Usage Summary               ;
+---------------------------------------------+-------------+
; Resource                                    ; Usage       ;
+---------------------------------------------+-------------+
; Estimate of Logic utilization (ALMs needed) ; 17          ;
;                                             ;             ;
; Combinational ALUT usage for logic          ; 32          ;
;     -- 7 input functions                    ; 0           ;
;     -- 6 input functions                    ; 0           ;
;     -- 5 input functions                    ; 0           ;
;     -- 4 input functions                    ; 0           ;
;     -- <=3 input functions                  ; 32          ;
;                                             ;             ;
; Dedicated logic registers                   ; 33          ;
;                                             ;             ;
; I/O pins                                    ; 98          ;
;                                             ;             ;
; Total DSP Blocks                            ; 0           ;
;                                             ;             ;
; Maximum fan-out node                        ; clock~input ;
; Maximum fan-out                             ; 33          ;
; Total fan-out                               ; 290         ;
; Average fan-out                             ; 1.11        ;
+---------------------------------------------+-------------+


+------------------------------------------------------------------------------------------------------------------------------------------------------------------------------------------------------------+
; Analysis & Synthesis Resource Utilization by Entity                                                                                                                                                        ;
+----------------------------+---------------------+---------------------------+-------------------+------------+------+--------------+--------------------------------------+----------------+--------------+
; Compilation Hierarchy Node ; Combinational ALUTs ; Dedicated Logic Registers ; Block Memory Bits ; DSP Blocks ; Pins ; Virtual Pins ; Full Hierarchy Name                  ; Entity Name    ; Library Name ;
+----------------------------+---------------------+---------------------------+-------------------+------------+------+--------------+--------------------------------------+----------------+--------------+
; |mips_top_level            ; 32 (0)              ; 33 (0)                    ; 0                 ; 0          ; 98   ; 0            ; |mips_top_level                      ; mips_top_level ; work         ;
;    |pc:mips_pc_counter|    ; 0 (0)               ; 33 (33)                   ; 0                 ; 0          ; 0    ; 0            ; |mips_top_level|pc:mips_pc_counter   ; pc             ; work         ;
;    |pc_plus:mips_pc_plus|  ; 32 (32)             ; 0 (0)                     ; 0                 ; 0          ; 0    ; 0            ; |mips_top_level|pc_plus:mips_pc_plus ; pc_plus        ; work         ;
+----------------------------+---------------------+---------------------------+-------------------+------------+------+--------------+--------------------------------------+----------------+--------------+
Note: For table entries with two numbers listed, the numbers in parentheses indicate the number of resources of the given type used by the specific entity alone. The numbers listed outside of parentheses indicate the total resources of the given type used by the specific entity and all of its sub-entities in the hierarchy.


+------------------------------------------------------+
; General Register Statistics                          ;
+----------------------------------------------+-------+
; Statistic                                    ; Value ;
+----------------------------------------------+-------+
; Total registers                              ; 33    ;
; Number of registers using Synchronous Clear  ; 32    ;
; Number of registers using Synchronous Load   ; 0     ;
; Number of registers using Asynchronous Clear ; 0     ;
; Number of registers using Asynchronous Load  ; 0     ;
; Number of registers using Clock Enable       ; 0     ;
; Number of registers using Preset             ; 0     ;
+----------------------------------------------+-------+


+-----------------------------------------------------------------------------------------------------------------------------------------------------------------------+
; Port Connectivity Checks: "ula:mips_ula"                                                                                                                              ;
+------+-------+----------+---------------------------------------------------------------------------------------------------------------------------------------------+
; Port ; Type  ; Severity ; Details                                                                                                                                     ;
+------+-------+----------+---------------------------------------------------------------------------------------------------------------------------------------------+
; B    ; Input ; Warning  ; Input port expression (1 bits) is smaller than the input port (32 bits) it drives.  Extra input bit(s) "B[31..1]" will be connected to GND. ;
+------+-------+----------+---------------------------------------------------------------------------------------------------------------------------------------------+


+---------------------------------------------------------------------------------------------------------------------------------------------------+
; Port Connectivity Checks: "mux_32:regfile_ula_mux"                                                                                                ;
+------+--------+----------+------------------------------------------------------------------------------------------------------------------------+
; Port ; Type   ; Severity ; Details                                                                                                                ;
+------+--------+----------+------------------------------------------------------------------------------------------------------------------------+
; Y    ; Output ; Warning  ; Output or bidir port (32 bits) is wider than the port expression (1 bits) it drives; bit(s) "Y[31..1]" have no fanouts ;
+------+--------+----------+------------------------------------------------------------------------------------------------------------------------+


+---------------------------------------------------------------------------------------------------------------------------------------------------------------------------------------------------------------------+
; Port Connectivity Checks: "regfile:mips_regfile"                                                                                                                                                                    ;
+------------+--------+----------+------------------------------------------------------------------------------------------------------------------------------------------------------------------------------------+
; Port       ; Type   ; Severity ; Details                                                                                                                                                                            ;
+------------+--------+----------+------------------------------------------------------------------------------------------------------------------------------------------------------------------------------------+
; clk        ; Input  ; Warning  ; Input port expression (5 bits) is wider than the input port (1 bits) it drives.  The 4 most-significant bit(s) in the expression will be dangling if they have no other fanouts.   ;
; rst        ; Input  ; Warning  ; Input port expression (5 bits) is wider than the input port (1 bits) it drives.  The 4 most-significant bit(s) in the expression will be dangling if they have no other fanouts.   ;
; reg_write  ; Input  ; Warning  ; Input port expression (32 bits) is wider than the input port (1 bits) it drives.  The 31 most-significant bit(s) in the expression will be dangling if they have no other fanouts. ;
; read_addr1 ; Input  ; Warning  ; Input port expression (32 bits) is wider than the input port (5 bits) it drives.  The 27 most-significant bit(s) in the expression will be dangling if they have no other fanouts. ;
; read_addr2 ; Input  ; Warning  ; Input port expression (1 bits) is smaller than the input port (5 bits) it drives.  Extra input bit(s) "read_addr2[4..1]" will be connected to GND.                                 ;
; read_d1    ; Output ; Warning  ; Output or bidir port (32 bits) is wider than the port expression (1 bits) it drives; bit(s) "read_d1[31..1]" have no fanouts                                                       ;
; read_d2    ; Output ; Warning  ; Output or bidir port (32 bits) is wider than the port expression (1 bits) it drives; bit(s) "read_d2[31..1]" have no fanouts                                                       ;
; read_d2    ; Output ; Info     ; Connected to dangling logic. Logic that only feeds a dangling port will be removed.                                                                                                ;
+------------+--------+----------+------------------------------------------------------------------------------------------------------------------------------------------------------------------------------------+


+--------------------------------------------------------------------------------------------------------------------------------------------------------------------------------+
; Port Connectivity Checks: "i_mem:current_instruction"                                                                                                                          ;
+---------+-------+----------+---------------------------------------------------------------------------------------------------------------------------------------------------+
; Port    ; Type  ; Severity ; Details                                                                                                                                           ;
+---------+-------+----------+---------------------------------------------------------------------------------------------------------------------------------------------------+
; address ; Input ; Warning  ; Input port expression (1 bits) is smaller than the input port (32 bits) it drives.  Extra input bit(s) "address[31..1]" will be connected to GND. ;
+---------+-------+----------+---------------------------------------------------------------------------------------------------------------------------------------------------+


+--------------------------------------------------------------------------------------------------------------------+
; Port Connectivity Checks: "control:mips_control"                                                                   ;
+----------+--------+----------+-------------------------------------------------------------------------------------+
; Port     ; Type   ; Severity ; Details                                                                             ;
+----------+--------+----------+-------------------------------------------------------------------------------------+
; RegWrite ; Output ; Info     ; Connected to dangling logic. Logic that only feeds a dangling port will be removed. ;
+----------+--------+----------+-------------------------------------------------------------------------------------+


+-----------------------------------------------------+
; Post-Synthesis Netlist Statistics for Top Partition ;
+-----------------------+-----------------------------+
; Type                  ; Count                       ;
+-----------------------+-----------------------------+
; arriav_ff             ; 33                          ;
;     SCLR              ; 32                          ;
;     plain             ; 1                           ;
; arriav_io_obuf        ; 32                          ;
; arriav_lcell_comb     ; 34                          ;
;     arith             ; 32                          ;
;         1 data inputs ; 32                          ;
;     normal            ; 2                           ;
;         0 data inputs ; 2                           ;
; boundary_port         ; 98                          ;
;                       ;                             ;
; Max LUT depth         ; 4.10                        ;
; Average LUT depth     ; 2.22                        ;
+-----------------------+-----------------------------+


+-------------------------------+
; Elapsed Time Per Partition    ;
+----------------+--------------+
; Partition Name ; Elapsed Time ;
+----------------+--------------+
; Top            ; 00:00:00     ;
+----------------+--------------+


+-------------------------------+
; Analysis & Synthesis Messages ;
+-------------------------------+
Info: *******************************************************************
Info: Running Quartus Prime Analysis & Synthesis
    Info: Version 20.1.1 Build 720 11/11/2020 SJ Lite Edition
    Info: Processing started: Mon Feb 19 13:22:33 2024
Info: Command: quartus_map --read_settings_files=on --write_settings_files=off MIPS-Verilog -c MIPS-Verilog
Warning (18236): Number of processors has not been specified which may cause overloading on shared machines.  Set the global assignment NUM_PARALLEL_PROCESSORS in your QSF to an appropriate value for best performance.
Info (20030): Parallel compilation is enabled and will use 4 of the 4 processors detected
Info (12021): Found 1 design units, including 1 entities, in source file modulos/pc.v
    Info (12023): Found entity 1: pc File: C:/Users/lsvfi/Documents/Verilog/MIPS-Verilog/modulos/pc.v Line: 8
Info (12021): Found 1 design units, including 1 entities, in source file modulos/pc_plus.v
    Info (12023): Found entity 1: pc_plus File: C:/Users/lsvfi/Documents/Verilog/MIPS-Verilog/modulos/pc_plus.v Line: 8
Info (12021): Found 1 design units, including 1 entities, in source file modulos/proxpc.v
    Info (12023): Found entity 1: proxPC File: C:/Users/lsvfi/Documents/Verilog/MIPS-Verilog/modulos/proxPC.v Line: 8
Info (12021): Found 1 design units, including 1 entities, in source file modulos/ula.v
    Info (12023): Found entity 1: ula File: C:/Users/lsvfi/Documents/Verilog/MIPS-Verilog/modulos/ula.v Line: 8
Info (12021): Found 1 design units, including 1 entities, in source file modulos/regfile.v
    Info (12023): Found entity 1: regfile File: C:/Users/lsvfi/Documents/Verilog/MIPS-Verilog/modulos/regfile.v Line: 8
Info (12021): Found 1 design units, including 1 entities, in source file modulos/d_mem.v
    Info (12023): Found entity 1: d_mem File: C:/Users/lsvfi/Documents/Verilog/MIPS-Verilog/modulos/d_mem.v Line: 8
Info (12021): Found 1 design units, including 1 entities, in source file modulos/i_mem.v
    Info (12023): Found entity 1: i_mem File: C:/Users/lsvfi/Documents/Verilog/MIPS-Verilog/modulos/i_mem.v Line: 8
Info (12021): Found 1 design units, including 1 entities, in source file modulos/sign_extend.v
    Info (12023): Found entity 1: sign_extend File: C:/Users/lsvfi/Documents/Verilog/MIPS-Verilog/modulos/sign_extend.v Line: 8
Info (12021): Found 1 design units, including 1 entities, in source file modulos/control/ula_ctrl.v
    Info (12023): Found entity 1: ula_ctrl File: C:/Users/lsvfi/Documents/Verilog/MIPS-Verilog/modulos/control/ula_ctrl.v Line: 8
Info (12021): Found 1 design units, including 1 entities, in source file modulos/control/control.v
    Info (12023): Found entity 1: control File: C:/Users/lsvfi/Documents/Verilog/MIPS-Verilog/modulos/control/control.v Line: 8
Info (12021): Found 1 design units, including 1 entities, in source file modulos/components/mux_32.v
    Info (12023): Found entity 1: mux_32 File: C:/Users/lsvfi/Documents/Verilog/MIPS-Verilog/modulos/components/mux_32.v Line: 9
Info (12021): Found 1 design units, including 1 entities, in source file modulos/components/mux_32_5.v
    Info (12023): Found entity 1: mux_32_5 File: C:/Users/lsvfi/Documents/Verilog/MIPS-Verilog/modulos/components/mux_32_5.v Line: 9
Info (12021): Found 1 design units, including 1 entities, in source file modulos/components/mux_src.v
    Info (12023): Found entity 1: mux_src File: C:/Users/lsvfi/Documents/Verilog/MIPS-Verilog/modulos/components/mux_src.v Line: 9
Info (12021): Found 1 design units, including 1 entities, in source file modulos/components/mux_5_regdst.v
    Info (12023): Found entity 1: mux_5_regdst File: C:/Users/lsvfi/Documents/Verilog/MIPS-Verilog/modulos/components/mux_5_regdst.v Line: 9
Info (12021): Found 1 design units, including 1 entities, in source file modulos/components/somador32.v
    Info (12023): Found entity 1: somador32 File: C:/Users/lsvfi/Documents/Verilog/MIPS-Verilog/modulos/components/somador32.v Line: 8
Info (12021): Found 1 design units, including 1 entities, in source file modulos/mips_top_level.v
    Info (12023): Found entity 1: mips_top_level File: C:/Users/lsvfi/Documents/Verilog/MIPS-Verilog/modulos/mips_top_level.v Line: 8
Warning (10236): Verilog HDL Implicit Net warning at mips_top_level.v(41): created implicit net for "pc" File: C:/Users/lsvfi/Documents/Verilog/MIPS-Verilog/modulos/mips_top_level.v Line: 41
Warning (10236): Verilog HDL Implicit Net warning at mips_top_level.v(84): created implicit net for "output_to_ula_2" File: C:/Users/lsvfi/Documents/Verilog/MIPS-Verilog/modulos/mips_top_level.v Line: 84
Info (12127): Elaborating entity "mips_top_level" for the top level hierarchy
Info (12128): Elaborating entity "control" for hierarchy "control:mips_control" File: C:/Users/lsvfi/Documents/Verilog/MIPS-Verilog/modulos/mips_top_level.v Line: 30
Info (12128): Elaborating entity "i_mem" for hierarchy "i_mem:current_instruction" File: C:/Users/lsvfi/Documents/Verilog/MIPS-Verilog/modulos/mips_top_level.v Line: 41
Warning (10850): Verilog HDL warning at i_mem.v(20): number of words (64) in memory file does not match the number of elements in the address range [0:255] File: C:/Users/lsvfi/Documents/Verilog/MIPS-Verilog/modulos/i_mem.v Line: 20
Warning (10030): Net "rom_mem.data_a" at i_mem.v(16) has no driver or initial value, using a default initial value '0' File: C:/Users/lsvfi/Documents/Verilog/MIPS-Verilog/modulos/i_mem.v Line: 16
Warning (10030): Net "rom_mem.waddr_a" at i_mem.v(16) has no driver or initial value, using a default initial value '0' File: C:/Users/lsvfi/Documents/Verilog/MIPS-Verilog/modulos/i_mem.v Line: 16
Warning (10030): Net "rom_mem.we_a" at i_mem.v(16) has no driver or initial value, using a default initial value '0' File: C:/Users/lsvfi/Documents/Verilog/MIPS-Verilog/modulos/i_mem.v Line: 16
Info (12128): Elaborating entity "regfile" for hierarchy "regfile:mips_regfile" File: C:/Users/lsvfi/Documents/Verilog/MIPS-Verilog/modulos/mips_top_level.v Line: 72
Warning (10240): Verilog HDL Always Construct warning at regfile.v(26): inferring latch(es) for variable "i", which holds its previous value in one or more paths through the always construct File: C:/Users/lsvfi/Documents/Verilog/MIPS-Verilog/modulos/regfile.v Line: 26
Info (12128): Elaborating entity "ula_ctrl" for hierarchy "ula_ctrl:mips_ula_control" File: C:/Users/lsvfi/Documents/Verilog/MIPS-Verilog/modulos/mips_top_level.v Line: 75
Info (12128): Elaborating entity "sign_extend" for hierarchy "sign_extend:mips_sign_extend" File: C:/Users/lsvfi/Documents/Verilog/MIPS-Verilog/modulos/mips_top_level.v Line: 81
Info (12128): Elaborating entity "mux_32" for hierarchy "mux_32:regfile_ula_mux" File: C:/Users/lsvfi/Documents/Verilog/MIPS-Verilog/modulos/mips_top_level.v Line: 84
Info (12128): Elaborating entity "ula" for hierarchy "ula:mips_ula" File: C:/Users/lsvfi/Documents/Verilog/MIPS-Verilog/modulos/mips_top_level.v Line: 90
Warning (10764): Verilog HDL warning at ula.v(36): converting signed shift amount to unsigned File: C:/Users/lsvfi/Documents/Verilog/MIPS-Verilog/modulos/ula.v Line: 36
Info (12128): Elaborating entity "d_mem" for hierarchy "d_mem:mips_d_mem" File: C:/Users/lsvfi/Documents/Verilog/MIPS-Verilog/modulos/mips_top_level.v Line: 95
Info (12128): Elaborating entity "pc" for hierarchy "pc:mips_pc_counter" File: C:/Users/lsvfi/Documents/Verilog/MIPS-Verilog/modulos/mips_top_level.v Line: 100
Info (12128): Elaborating entity "pc_plus" for hierarchy "pc_plus:mips_pc_plus" File: C:/Users/lsvfi/Documents/Verilog/MIPS-Verilog/modulos/mips_top_level.v Line: 102
Info (12128): Elaborating entity "proxPC" for hierarchy "proxPC:mips_prox_pc" File: C:/Users/lsvfi/Documents/Verilog/MIPS-Verilog/modulos/mips_top_level.v Line: 104
Warning (12011): Net is missing source, defaulting to GND
    Warning (12110): Net "ReadData1[31]" is missing source, defaulting to GND File: C:/Users/lsvfi/Documents/Verilog/MIPS-Verilog/modulos/mips_top_level.v Line: 61
    Warning (12110): Net "ReadData1[30]" is missing source, defaulting to GND File: C:/Users/lsvfi/Documents/Verilog/MIPS-Verilog/modulos/mips_top_level.v Line: 61
    Warning (12110): Net "ReadData1[29]" is missing source, defaulting to GND File: C:/Users/lsvfi/Documents/Verilog/MIPS-Verilog/modulos/mips_top_level.v Line: 61
    Warning (12110): Net "ReadData1[28]" is missing source, defaulting to GND File: C:/Users/lsvfi/Documents/Verilog/MIPS-Verilog/modulos/mips_top_level.v Line: 61
    Warning (12110): Net "ReadData1[27]" is missing source, defaulting to GND File: C:/Users/lsvfi/Documents/Verilog/MIPS-Verilog/modulos/mips_top_level.v Line: 61
    Warning (12110): Net "ReadData1[26]" is missing source, defaulting to GND File: C:/Users/lsvfi/Documents/Verilog/MIPS-Verilog/modulos/mips_top_level.v Line: 61
    Warning (12110): Net "ReadData1[25]" is missing source, defaulting to GND File: C:/Users/lsvfi/Documents/Verilog/MIPS-Verilog/modulos/mips_top_level.v Line: 61
    Warning (12110): Net "ReadData1[24]" is missing source, defaulting to GND File: C:/Users/lsvfi/Documents/Verilog/MIPS-Verilog/modulos/mips_top_level.v Line: 61
    Warning (12110): Net "ReadData1[23]" is missing source, defaulting to GND File: C:/Users/lsvfi/Documents/Verilog/MIPS-Verilog/modulos/mips_top_level.v Line: 61
    Warning (12110): Net "ReadData1[22]" is missing source, defaulting to GND File: C:/Users/lsvfi/Documents/Verilog/MIPS-Verilog/modulos/mips_top_level.v Line: 61
    Warning (12110): Net "ReadData1[21]" is missing source, defaulting to GND File: C:/Users/lsvfi/Documents/Verilog/MIPS-Verilog/modulos/mips_top_level.v Line: 61
    Warning (12110): Net "ReadData1[20]" is missing source, defaulting to GND File: C:/Users/lsvfi/Documents/Verilog/MIPS-Verilog/modulos/mips_top_level.v Line: 61
    Warning (12110): Net "ReadData1[19]" is missing source, defaulting to GND File: C:/Users/lsvfi/Documents/Verilog/MIPS-Verilog/modulos/mips_top_level.v Line: 61
    Warning (12110): Net "ReadData1[18]" is missing source, defaulting to GND File: C:/Users/lsvfi/Documents/Verilog/MIPS-Verilog/modulos/mips_top_level.v Line: 61
    Warning (12110): Net "ReadData1[17]" is missing source, defaulting to GND File: C:/Users/lsvfi/Documents/Verilog/MIPS-Verilog/modulos/mips_top_level.v Line: 61
    Warning (12110): Net "ReadData1[16]" is missing source, defaulting to GND File: C:/Users/lsvfi/Documents/Verilog/MIPS-Verilog/modulos/mips_top_level.v Line: 61
    Warning (12110): Net "ReadData1[15]" is missing source, defaulting to GND File: C:/Users/lsvfi/Documents/Verilog/MIPS-Verilog/modulos/mips_top_level.v Line: 61
    Warning (12110): Net "ReadData1[14]" is missing source, defaulting to GND File: C:/Users/lsvfi/Documents/Verilog/MIPS-Verilog/modulos/mips_top_level.v Line: 61
    Warning (12110): Net "ReadData1[13]" is missing source, defaulting to GND File: C:/Users/lsvfi/Documents/Verilog/MIPS-Verilog/modulos/mips_top_level.v Line: 61
    Warning (12110): Net "ReadData1[12]" is missing source, defaulting to GND File: C:/Users/lsvfi/Documents/Verilog/MIPS-Verilog/modulos/mips_top_level.v Line: 61
    Warning (12110): Net "ReadData1[11]" is missing source, defaulting to GND File: C:/Users/lsvfi/Documents/Verilog/MIPS-Verilog/modulos/mips_top_level.v Line: 61
    Warning (12110): Net "ReadData1[10]" is missing source, defaulting to GND File: C:/Users/lsvfi/Documents/Verilog/MIPS-Verilog/modulos/mips_top_level.v Line: 61
    Warning (12110): Net "ReadData1[9]" is missing source, defaulting to GND File: C:/Users/lsvfi/Documents/Verilog/MIPS-Verilog/modulos/mips_top_level.v Line: 61
    Warning (12110): Net "ReadData1[8]" is missing source, defaulting to GND File: C:/Users/lsvfi/Documents/Verilog/MIPS-Verilog/modulos/mips_top_level.v Line: 61
    Warning (12110): Net "ReadData1[7]" is missing source, defaulting to GND File: C:/Users/lsvfi/Documents/Verilog/MIPS-Verilog/modulos/mips_top_level.v Line: 61
    Warning (12110): Net "ReadData1[6]" is missing source, defaulting to GND File: C:/Users/lsvfi/Documents/Verilog/MIPS-Verilog/modulos/mips_top_level.v Line: 61
    Warning (12110): Net "ReadData1[5]" is missing source, defaulting to GND File: C:/Users/lsvfi/Documents/Verilog/MIPS-Verilog/modulos/mips_top_level.v Line: 61
    Warning (12110): Net "ReadData1[4]" is missing source, defaulting to GND File: C:/Users/lsvfi/Documents/Verilog/MIPS-Verilog/modulos/mips_top_level.v Line: 61
    Warning (12110): Net "ReadData1[3]" is missing source, defaulting to GND File: C:/Users/lsvfi/Documents/Verilog/MIPS-Verilog/modulos/mips_top_level.v Line: 61
    Warning (12110): Net "ReadData1[2]" is missing source, defaulting to GND File: C:/Users/lsvfi/Documents/Verilog/MIPS-Verilog/modulos/mips_top_level.v Line: 61
    Warning (12110): Net "ReadData1[1]" is missing source, defaulting to GND File: C:/Users/lsvfi/Documents/Verilog/MIPS-Verilog/modulos/mips_top_level.v Line: 61
    Warning (12110): Net "ReadData1[0]" is missing source, defaulting to GND File: C:/Users/lsvfi/Documents/Verilog/MIPS-Verilog/modulos/mips_top_level.v Line: 61
    Warning (12110): Net "ReadData2[31]" is missing source, defaulting to GND File: C:/Users/lsvfi/Documents/Verilog/MIPS-Verilog/modulos/mips_top_level.v Line: 61
    Warning (12110): Net "ReadData2[30]" is missing source, defaulting to GND File: C:/Users/lsvfi/Documents/Verilog/MIPS-Verilog/modulos/mips_top_level.v Line: 61
    Warning (12110): Net "ReadData2[29]" is missing source, defaulting to GND File: C:/Users/lsvfi/Documents/Verilog/MIPS-Verilog/modulos/mips_top_level.v Line: 61
    Warning (12110): Net "ReadData2[28]" is missing source, defaulting to GND File: C:/Users/lsvfi/Documents/Verilog/MIPS-Verilog/modulos/mips_top_level.v Line: 61
    Warning (12110): Net "ReadData2[27]" is missing source, defaulting to GND File: C:/Users/lsvfi/Documents/Verilog/MIPS-Verilog/modulos/mips_top_level.v Line: 61
    Warning (12110): Net "ReadData2[26]" is missing source, defaulting to GND File: C:/Users/lsvfi/Documents/Verilog/MIPS-Verilog/modulos/mips_top_level.v Line: 61
    Warning (12110): Net "ReadData2[25]" is missing source, defaulting to GND File: C:/Users/lsvfi/Documents/Verilog/MIPS-Verilog/modulos/mips_top_level.v Line: 61
    Warning (12110): Net "ReadData2[24]" is missing source, defaulting to GND File: C:/Users/lsvfi/Documents/Verilog/MIPS-Verilog/modulos/mips_top_level.v Line: 61
    Warning (12110): Net "ReadData2[23]" is missing source, defaulting to GND File: C:/Users/lsvfi/Documents/Verilog/MIPS-Verilog/modulos/mips_top_level.v Line: 61
    Warning (12110): Net "ReadData2[22]" is missing source, defaulting to GND File: C:/Users/lsvfi/Documents/Verilog/MIPS-Verilog/modulos/mips_top_level.v Line: 61
    Warning (12110): Net "ReadData2[21]" is missing source, defaulting to GND File: C:/Users/lsvfi/Documents/Verilog/MIPS-Verilog/modulos/mips_top_level.v Line: 61
    Warning (12110): Net "ReadData2[20]" is missing source, defaulting to GND File: C:/Users/lsvfi/Documents/Verilog/MIPS-Verilog/modulos/mips_top_level.v Line: 61
    Warning (12110): Net "ReadData2[19]" is missing source, defaulting to GND File: C:/Users/lsvfi/Documents/Verilog/MIPS-Verilog/modulos/mips_top_level.v Line: 61
    Warning (12110): Net "ReadData2[18]" is missing source, defaulting to GND File: C:/Users/lsvfi/Documents/Verilog/MIPS-Verilog/modulos/mips_top_level.v Line: 61
    Warning (12110): Net "ReadData2[17]" is missing source, defaulting to GND File: C:/Users/lsvfi/Documents/Verilog/MIPS-Verilog/modulos/mips_top_level.v Line: 61
    Warning (12110): Net "ReadData2[16]" is missing source, defaulting to GND File: C:/Users/lsvfi/Documents/Verilog/MIPS-Verilog/modulos/mips_top_level.v Line: 61
    Warning (12110): Net "ReadData2[15]" is missing source, defaulting to GND File: C:/Users/lsvfi/Documents/Verilog/MIPS-Verilog/modulos/mips_top_level.v Line: 61
    Warning (12110): Net "ReadData2[14]" is missing source, defaulting to GND File: C:/Users/lsvfi/Documents/Verilog/MIPS-Verilog/modulos/mips_top_level.v Line: 61
    Warning (12110): Net "ReadData2[13]" is missing source, defaulting to GND File: C:/Users/lsvfi/Documents/Verilog/MIPS-Verilog/modulos/mips_top_level.v Line: 61
    Warning (12110): Net "ReadData2[12]" is missing source, defaulting to GND File: C:/Users/lsvfi/Documents/Verilog/MIPS-Verilog/modulos/mips_top_level.v Line: 61
    Warning (12110): Net "ReadData2[11]" is missing source, defaulting to GND File: C:/Users/lsvfi/Documents/Verilog/MIPS-Verilog/modulos/mips_top_level.v Line: 61
    Warning (12110): Net "ReadData2[10]" is missing source, defaulting to GND File: C:/Users/lsvfi/Documents/Verilog/MIPS-Verilog/modulos/mips_top_level.v Line: 61
    Warning (12110): Net "ReadData2[9]" is missing source, defaulting to GND File: C:/Users/lsvfi/Documents/Verilog/MIPS-Verilog/modulos/mips_top_level.v Line: 61
    Warning (12110): Net "ReadData2[8]" is missing source, defaulting to GND File: C:/Users/lsvfi/Documents/Verilog/MIPS-Verilog/modulos/mips_top_level.v Line: 61
    Warning (12110): Net "ReadData2[7]" is missing source, defaulting to GND File: C:/Users/lsvfi/Documents/Verilog/MIPS-Verilog/modulos/mips_top_level.v Line: 61
    Warning (12110): Net "ReadData2[6]" is missing source, defaulting to GND File: C:/Users/lsvfi/Documents/Verilog/MIPS-Verilog/modulos/mips_top_level.v Line: 61
    Warning (12110): Net "ReadData2[5]" is missing source, defaulting to GND File: C:/Users/lsvfi/Documents/Verilog/MIPS-Verilog/modulos/mips_top_level.v Line: 61
    Warning (12110): Net "ReadData2[4]" is missing source, defaulting to GND File: C:/Users/lsvfi/Documents/Verilog/MIPS-Verilog/modulos/mips_top_level.v Line: 61
    Warning (12110): Net "ReadData2[3]" is missing source, defaulting to GND File: C:/Users/lsvfi/Documents/Verilog/MIPS-Verilog/modulos/mips_top_level.v Line: 61
    Warning (12110): Net "ReadData2[2]" is missing source, defaulting to GND File: C:/Users/lsvfi/Documents/Verilog/MIPS-Verilog/modulos/mips_top_level.v Line: 61
    Warning (12110): Net "ReadData2[1]" is missing source, defaulting to GND File: C:/Users/lsvfi/Documents/Verilog/MIPS-Verilog/modulos/mips_top_level.v Line: 61
    Warning (12110): Net "ReadData2[0]" is missing source, defaulting to GND File: C:/Users/lsvfi/Documents/Verilog/MIPS-Verilog/modulos/mips_top_level.v Line: 61
Warning (12011): Net is missing source, defaulting to GND
    Warning (12110): Net "ReadData1[31]" is missing source, defaulting to GND File: C:/Users/lsvfi/Documents/Verilog/MIPS-Verilog/modulos/mips_top_level.v Line: 61
    Warning (12110): Net "ReadData1[30]" is missing source, defaulting to GND File: C:/Users/lsvfi/Documents/Verilog/MIPS-Verilog/modulos/mips_top_level.v Line: 61
    Warning (12110): Net "ReadData1[29]" is missing source, defaulting to GND File: C:/Users/lsvfi/Documents/Verilog/MIPS-Verilog/modulos/mips_top_level.v Line: 61
    Warning (12110): Net "ReadData1[28]" is missing source, defaulting to GND File: C:/Users/lsvfi/Documents/Verilog/MIPS-Verilog/modulos/mips_top_level.v Line: 61
    Warning (12110): Net "ReadData1[27]" is missing source, defaulting to GND File: C:/Users/lsvfi/Documents/Verilog/MIPS-Verilog/modulos/mips_top_level.v Line: 61
    Warning (12110): Net "ReadData1[26]" is missing source, defaulting to GND File: C:/Users/lsvfi/Documents/Verilog/MIPS-Verilog/modulos/mips_top_level.v Line: 61
    Warning (12110): Net "ReadData1[25]" is missing source, defaulting to GND File: C:/Users/lsvfi/Documents/Verilog/MIPS-Verilog/modulos/mips_top_level.v Line: 61
    Warning (12110): Net "ReadData1[24]" is missing source, defaulting to GND File: C:/Users/lsvfi/Documents/Verilog/MIPS-Verilog/modulos/mips_top_level.v Line: 61
    Warning (12110): Net "ReadData1[23]" is missing source, defaulting to GND File: C:/Users/lsvfi/Documents/Verilog/MIPS-Verilog/modulos/mips_top_level.v Line: 61
    Warning (12110): Net "ReadData1[22]" is missing source, defaulting to GND File: C:/Users/lsvfi/Documents/Verilog/MIPS-Verilog/modulos/mips_top_level.v Line: 61
    Warning (12110): Net "ReadData1[21]" is missing source, defaulting to GND File: C:/Users/lsvfi/Documents/Verilog/MIPS-Verilog/modulos/mips_top_level.v Line: 61
    Warning (12110): Net "ReadData1[20]" is missing source, defaulting to GND File: C:/Users/lsvfi/Documents/Verilog/MIPS-Verilog/modulos/mips_top_level.v Line: 61
    Warning (12110): Net "ReadData1[19]" is missing source, defaulting to GND File: C:/Users/lsvfi/Documents/Verilog/MIPS-Verilog/modulos/mips_top_level.v Line: 61
    Warning (12110): Net "ReadData1[18]" is missing source, defaulting to GND File: C:/Users/lsvfi/Documents/Verilog/MIPS-Verilog/modulos/mips_top_level.v Line: 61
    Warning (12110): Net "ReadData1[17]" is missing source, defaulting to GND File: C:/Users/lsvfi/Documents/Verilog/MIPS-Verilog/modulos/mips_top_level.v Line: 61
    Warning (12110): Net "ReadData1[16]" is missing source, defaulting to GND File: C:/Users/lsvfi/Documents/Verilog/MIPS-Verilog/modulos/mips_top_level.v Line: 61
    Warning (12110): Net "ReadData1[15]" is missing source, defaulting to GND File: C:/Users/lsvfi/Documents/Verilog/MIPS-Verilog/modulos/mips_top_level.v Line: 61
    Warning (12110): Net "ReadData1[14]" is missing source, defaulting to GND File: C:/Users/lsvfi/Documents/Verilog/MIPS-Verilog/modulos/mips_top_level.v Line: 61
    Warning (12110): Net "ReadData1[13]" is missing source, defaulting to GND File: C:/Users/lsvfi/Documents/Verilog/MIPS-Verilog/modulos/mips_top_level.v Line: 61
    Warning (12110): Net "ReadData1[12]" is missing source, defaulting to GND File: C:/Users/lsvfi/Documents/Verilog/MIPS-Verilog/modulos/mips_top_level.v Line: 61
    Warning (12110): Net "ReadData1[11]" is missing source, defaulting to GND File: C:/Users/lsvfi/Documents/Verilog/MIPS-Verilog/modulos/mips_top_level.v Line: 61
    Warning (12110): Net "ReadData1[10]" is missing source, defaulting to GND File: C:/Users/lsvfi/Documents/Verilog/MIPS-Verilog/modulos/mips_top_level.v Line: 61
    Warning (12110): Net "ReadData1[9]" is missing source, defaulting to GND File: C:/Users/lsvfi/Documents/Verilog/MIPS-Verilog/modulos/mips_top_level.v Line: 61
    Warning (12110): Net "ReadData1[8]" is missing source, defaulting to GND File: C:/Users/lsvfi/Documents/Verilog/MIPS-Verilog/modulos/mips_top_level.v Line: 61
    Warning (12110): Net "ReadData1[7]" is missing source, defaulting to GND File: C:/Users/lsvfi/Documents/Verilog/MIPS-Verilog/modulos/mips_top_level.v Line: 61
    Warning (12110): Net "ReadData1[6]" is missing source, defaulting to GND File: C:/Users/lsvfi/Documents/Verilog/MIPS-Verilog/modulos/mips_top_level.v Line: 61
    Warning (12110): Net "ReadData1[5]" is missing source, defaulting to GND File: C:/Users/lsvfi/Documents/Verilog/MIPS-Verilog/modulos/mips_top_level.v Line: 61
    Warning (12110): Net "ReadData1[4]" is missing source, defaulting to GND File: C:/Users/lsvfi/Documents/Verilog/MIPS-Verilog/modulos/mips_top_level.v Line: 61
    Warning (12110): Net "ReadData1[3]" is missing source, defaulting to GND File: C:/Users/lsvfi/Documents/Verilog/MIPS-Verilog/modulos/mips_top_level.v Line: 61
    Warning (12110): Net "ReadData1[2]" is missing source, defaulting to GND File: C:/Users/lsvfi/Documents/Verilog/MIPS-Verilog/modulos/mips_top_level.v Line: 61
    Warning (12110): Net "ReadData1[1]" is missing source, defaulting to GND File: C:/Users/lsvfi/Documents/Verilog/MIPS-Verilog/modulos/mips_top_level.v Line: 61
    Warning (12110): Net "ReadData1[0]" is missing source, defaulting to GND File: C:/Users/lsvfi/Documents/Verilog/MIPS-Verilog/modulos/mips_top_level.v Line: 61
    Warning (12110): Net "ReadData2[31]" is missing source, defaulting to GND File: C:/Users/lsvfi/Documents/Verilog/MIPS-Verilog/modulos/mips_top_level.v Line: 61
    Warning (12110): Net "ReadData2[30]" is missing source, defaulting to GND File: C:/Users/lsvfi/Documents/Verilog/MIPS-Verilog/modulos/mips_top_level.v Line: 61
    Warning (12110): Net "ReadData2[29]" is missing source, defaulting to GND File: C:/Users/lsvfi/Documents/Verilog/MIPS-Verilog/modulos/mips_top_level.v Line: 61
    Warning (12110): Net "ReadData2[28]" is missing source, defaulting to GND File: C:/Users/lsvfi/Documents/Verilog/MIPS-Verilog/modulos/mips_top_level.v Line: 61
    Warning (12110): Net "ReadData2[27]" is missing source, defaulting to GND File: C:/Users/lsvfi/Documents/Verilog/MIPS-Verilog/modulos/mips_top_level.v Line: 61
    Warning (12110): Net "ReadData2[26]" is missing source, defaulting to GND File: C:/Users/lsvfi/Documents/Verilog/MIPS-Verilog/modulos/mips_top_level.v Line: 61
    Warning (12110): Net "ReadData2[25]" is missing source, defaulting to GND File: C:/Users/lsvfi/Documents/Verilog/MIPS-Verilog/modulos/mips_top_level.v Line: 61
    Warning (12110): Net "ReadData2[24]" is missing source, defaulting to GND File: C:/Users/lsvfi/Documents/Verilog/MIPS-Verilog/modulos/mips_top_level.v Line: 61
    Warning (12110): Net "ReadData2[23]" is missing source, defaulting to GND File: C:/Users/lsvfi/Documents/Verilog/MIPS-Verilog/modulos/mips_top_level.v Line: 61
    Warning (12110): Net "ReadData2[22]" is missing source, defaulting to GND File: C:/Users/lsvfi/Documents/Verilog/MIPS-Verilog/modulos/mips_top_level.v Line: 61
    Warning (12110): Net "ReadData2[21]" is missing source, defaulting to GND File: C:/Users/lsvfi/Documents/Verilog/MIPS-Verilog/modulos/mips_top_level.v Line: 61
    Warning (12110): Net "ReadData2[20]" is missing source, defaulting to GND File: C:/Users/lsvfi/Documents/Verilog/MIPS-Verilog/modulos/mips_top_level.v Line: 61
    Warning (12110): Net "ReadData2[19]" is missing source, defaulting to GND File: C:/Users/lsvfi/Documents/Verilog/MIPS-Verilog/modulos/mips_top_level.v Line: 61
    Warning (12110): Net "ReadData2[18]" is missing source, defaulting to GND File: C:/Users/lsvfi/Documents/Verilog/MIPS-Verilog/modulos/mips_top_level.v Line: 61
    Warning (12110): Net "ReadData2[17]" is missing source, defaulting to GND File: C:/Users/lsvfi/Documents/Verilog/MIPS-Verilog/modulos/mips_top_level.v Line: 61
    Warning (12110): Net "ReadData2[16]" is missing source, defaulting to GND File: C:/Users/lsvfi/Documents/Verilog/MIPS-Verilog/modulos/mips_top_level.v Line: 61
    Warning (12110): Net "ReadData2[15]" is missing source, defaulting to GND File: C:/Users/lsvfi/Documents/Verilog/MIPS-Verilog/modulos/mips_top_level.v Line: 61
    Warning (12110): Net "ReadData2[14]" is missing source, defaulting to GND File: C:/Users/lsvfi/Documents/Verilog/MIPS-Verilog/modulos/mips_top_level.v Line: 61
    Warning (12110): Net "ReadData2[13]" is missing source, defaulting to GND File: C:/Users/lsvfi/Documents/Verilog/MIPS-Verilog/modulos/mips_top_level.v Line: 61
    Warning (12110): Net "ReadData2[12]" is missing source, defaulting to GND File: C:/Users/lsvfi/Documents/Verilog/MIPS-Verilog/modulos/mips_top_level.v Line: 61
    Warning (12110): Net "ReadData2[11]" is missing source, defaulting to GND File: C:/Users/lsvfi/Documents/Verilog/MIPS-Verilog/modulos/mips_top_level.v Line: 61
    Warning (12110): Net "ReadData2[10]" is missing source, defaulting to GND File: C:/Users/lsvfi/Documents/Verilog/MIPS-Verilog/modulos/mips_top_level.v Line: 61
    Warning (12110): Net "ReadData2[9]" is missing source, defaulting to GND File: C:/Users/lsvfi/Documents/Verilog/MIPS-Verilog/modulos/mips_top_level.v Line: 61
    Warning (12110): Net "ReadData2[8]" is missing source, defaulting to GND File: C:/Users/lsvfi/Documents/Verilog/MIPS-Verilog/modulos/mips_top_level.v Line: 61
    Warning (12110): Net "ReadData2[7]" is missing source, defaulting to GND File: C:/Users/lsvfi/Documents/Verilog/MIPS-Verilog/modulos/mips_top_level.v Line: 61
    Warning (12110): Net "ReadData2[6]" is missing source, defaulting to GND File: C:/Users/lsvfi/Documents/Verilog/MIPS-Verilog/modulos/mips_top_level.v Line: 61
    Warning (12110): Net "ReadData2[5]" is missing source, defaulting to GND File: C:/Users/lsvfi/Documents/Verilog/MIPS-Verilog/modulos/mips_top_level.v Line: 61
    Warning (12110): Net "ReadData2[4]" is missing source, defaulting to GND File: C:/Users/lsvfi/Documents/Verilog/MIPS-Verilog/modulos/mips_top_level.v Line: 61
    Warning (12110): Net "ReadData2[3]" is missing source, defaulting to GND File: C:/Users/lsvfi/Documents/Verilog/MIPS-Verilog/modulos/mips_top_level.v Line: 61
    Warning (12110): Net "ReadData2[2]" is missing source, defaulting to GND File: C:/Users/lsvfi/Documents/Verilog/MIPS-Verilog/modulos/mips_top_level.v Line: 61
    Warning (12110): Net "ReadData2[1]" is missing source, defaulting to GND File: C:/Users/lsvfi/Documents/Verilog/MIPS-Verilog/modulos/mips_top_level.v Line: 61
    Warning (12110): Net "ReadData2[0]" is missing source, defaulting to GND File: C:/Users/lsvfi/Documents/Verilog/MIPS-Verilog/modulos/mips_top_level.v Line: 61
Warning (12011): Net is missing source, defaulting to GND
    Warning (12110): Net "ReadData1[31]" is missing source, defaulting to GND File: C:/Users/lsvfi/Documents/Verilog/MIPS-Verilog/modulos/mips_top_level.v Line: 61
    Warning (12110): Net "ReadData1[30]" is missing source, defaulting to GND File: C:/Users/lsvfi/Documents/Verilog/MIPS-Verilog/modulos/mips_top_level.v Line: 61
    Warning (12110): Net "ReadData1[29]" is missing source, defaulting to GND File: C:/Users/lsvfi/Documents/Verilog/MIPS-Verilog/modulos/mips_top_level.v Line: 61
    Warning (12110): Net "ReadData1[28]" is missing source, defaulting to GND File: C:/Users/lsvfi/Documents/Verilog/MIPS-Verilog/modulos/mips_top_level.v Line: 61
    Warning (12110): Net "ReadData1[27]" is missing source, defaulting to GND File: C:/Users/lsvfi/Documents/Verilog/MIPS-Verilog/modulos/mips_top_level.v Line: 61
    Warning (12110): Net "ReadData1[26]" is missing source, defaulting to GND File: C:/Users/lsvfi/Documents/Verilog/MIPS-Verilog/modulos/mips_top_level.v Line: 61
    Warning (12110): Net "ReadData1[25]" is missing source, defaulting to GND File: C:/Users/lsvfi/Documents/Verilog/MIPS-Verilog/modulos/mips_top_level.v Line: 61
    Warning (12110): Net "ReadData1[24]" is missing source, defaulting to GND File: C:/Users/lsvfi/Documents/Verilog/MIPS-Verilog/modulos/mips_top_level.v Line: 61
    Warning (12110): Net "ReadData1[23]" is missing source, defaulting to GND File: C:/Users/lsvfi/Documents/Verilog/MIPS-Verilog/modulos/mips_top_level.v Line: 61
    Warning (12110): Net "ReadData1[22]" is missing source, defaulting to GND File: C:/Users/lsvfi/Documents/Verilog/MIPS-Verilog/modulos/mips_top_level.v Line: 61
    Warning (12110): Net "ReadData1[21]" is missing source, defaulting to GND File: C:/Users/lsvfi/Documents/Verilog/MIPS-Verilog/modulos/mips_top_level.v Line: 61
    Warning (12110): Net "ReadData1[20]" is missing source, defaulting to GND File: C:/Users/lsvfi/Documents/Verilog/MIPS-Verilog/modulos/mips_top_level.v Line: 61
    Warning (12110): Net "ReadData1[19]" is missing source, defaulting to GND File: C:/Users/lsvfi/Documents/Verilog/MIPS-Verilog/modulos/mips_top_level.v Line: 61
    Warning (12110): Net "ReadData1[18]" is missing source, defaulting to GND File: C:/Users/lsvfi/Documents/Verilog/MIPS-Verilog/modulos/mips_top_level.v Line: 61
    Warning (12110): Net "ReadData1[17]" is missing source, defaulting to GND File: C:/Users/lsvfi/Documents/Verilog/MIPS-Verilog/modulos/mips_top_level.v Line: 61
    Warning (12110): Net "ReadData1[16]" is missing source, defaulting to GND File: C:/Users/lsvfi/Documents/Verilog/MIPS-Verilog/modulos/mips_top_level.v Line: 61
    Warning (12110): Net "ReadData1[15]" is missing source, defaulting to GND File: C:/Users/lsvfi/Documents/Verilog/MIPS-Verilog/modulos/mips_top_level.v Line: 61
    Warning (12110): Net "ReadData1[14]" is missing source, defaulting to GND File: C:/Users/lsvfi/Documents/Verilog/MIPS-Verilog/modulos/mips_top_level.v Line: 61
    Warning (12110): Net "ReadData1[13]" is missing source, defaulting to GND File: C:/Users/lsvfi/Documents/Verilog/MIPS-Verilog/modulos/mips_top_level.v Line: 61
    Warning (12110): Net "ReadData1[12]" is missing source, defaulting to GND File: C:/Users/lsvfi/Documents/Verilog/MIPS-Verilog/modulos/mips_top_level.v Line: 61
    Warning (12110): Net "ReadData1[11]" is missing source, defaulting to GND File: C:/Users/lsvfi/Documents/Verilog/MIPS-Verilog/modulos/mips_top_level.v Line: 61
    Warning (12110): Net "ReadData1[10]" is missing source, defaulting to GND File: C:/Users/lsvfi/Documents/Verilog/MIPS-Verilog/modulos/mips_top_level.v Line: 61
    Warning (12110): Net "ReadData1[9]" is missing source, defaulting to GND File: C:/Users/lsvfi/Documents/Verilog/MIPS-Verilog/modulos/mips_top_level.v Line: 61
    Warning (12110): Net "ReadData1[8]" is missing source, defaulting to GND File: C:/Users/lsvfi/Documents/Verilog/MIPS-Verilog/modulos/mips_top_level.v Line: 61
    Warning (12110): Net "ReadData1[7]" is missing source, defaulting to GND File: C:/Users/lsvfi/Documents/Verilog/MIPS-Verilog/modulos/mips_top_level.v Line: 61
    Warning (12110): Net "ReadData1[6]" is missing source, defaulting to GND File: C:/Users/lsvfi/Documents/Verilog/MIPS-Verilog/modulos/mips_top_level.v Line: 61
    Warning (12110): Net "ReadData1[5]" is missing source, defaulting to GND File: C:/Users/lsvfi/Documents/Verilog/MIPS-Verilog/modulos/mips_top_level.v Line: 61
    Warning (12110): Net "ReadData1[4]" is missing source, defaulting to GND File: C:/Users/lsvfi/Documents/Verilog/MIPS-Verilog/modulos/mips_top_level.v Line: 61
    Warning (12110): Net "ReadData1[3]" is missing source, defaulting to GND File: C:/Users/lsvfi/Documents/Verilog/MIPS-Verilog/modulos/mips_top_level.v Line: 61
    Warning (12110): Net "ReadData1[2]" is missing source, defaulting to GND File: C:/Users/lsvfi/Documents/Verilog/MIPS-Verilog/modulos/mips_top_level.v Line: 61
    Warning (12110): Net "ReadData1[1]" is missing source, defaulting to GND File: C:/Users/lsvfi/Documents/Verilog/MIPS-Verilog/modulos/mips_top_level.v Line: 61
    Warning (12110): Net "ReadData1[0]" is missing source, defaulting to GND File: C:/Users/lsvfi/Documents/Verilog/MIPS-Verilog/modulos/mips_top_level.v Line: 61
    Warning (12110): Net "ReadData2[31]" is missing source, defaulting to GND File: C:/Users/lsvfi/Documents/Verilog/MIPS-Verilog/modulos/mips_top_level.v Line: 61
    Warning (12110): Net "ReadData2[30]" is missing source, defaulting to GND File: C:/Users/lsvfi/Documents/Verilog/MIPS-Verilog/modulos/mips_top_level.v Line: 61
    Warning (12110): Net "ReadData2[29]" is missing source, defaulting to GND File: C:/Users/lsvfi/Documents/Verilog/MIPS-Verilog/modulos/mips_top_level.v Line: 61
    Warning (12110): Net "ReadData2[28]" is missing source, defaulting to GND File: C:/Users/lsvfi/Documents/Verilog/MIPS-Verilog/modulos/mips_top_level.v Line: 61
    Warning (12110): Net "ReadData2[27]" is missing source, defaulting to GND File: C:/Users/lsvfi/Documents/Verilog/MIPS-Verilog/modulos/mips_top_level.v Line: 61
    Warning (12110): Net "ReadData2[26]" is missing source, defaulting to GND File: C:/Users/lsvfi/Documents/Verilog/MIPS-Verilog/modulos/mips_top_level.v Line: 61
    Warning (12110): Net "ReadData2[25]" is missing source, defaulting to GND File: C:/Users/lsvfi/Documents/Verilog/MIPS-Verilog/modulos/mips_top_level.v Line: 61
    Warning (12110): Net "ReadData2[24]" is missing source, defaulting to GND File: C:/Users/lsvfi/Documents/Verilog/MIPS-Verilog/modulos/mips_top_level.v Line: 61
    Warning (12110): Net "ReadData2[23]" is missing source, defaulting to GND File: C:/Users/lsvfi/Documents/Verilog/MIPS-Verilog/modulos/mips_top_level.v Line: 61
    Warning (12110): Net "ReadData2[22]" is missing source, defaulting to GND File: C:/Users/lsvfi/Documents/Verilog/MIPS-Verilog/modulos/mips_top_level.v Line: 61
    Warning (12110): Net "ReadData2[21]" is missing source, defaulting to GND File: C:/Users/lsvfi/Documents/Verilog/MIPS-Verilog/modulos/mips_top_level.v Line: 61
    Warning (12110): Net "ReadData2[20]" is missing source, defaulting to GND File: C:/Users/lsvfi/Documents/Verilog/MIPS-Verilog/modulos/mips_top_level.v Line: 61
    Warning (12110): Net "ReadData2[19]" is missing source, defaulting to GND File: C:/Users/lsvfi/Documents/Verilog/MIPS-Verilog/modulos/mips_top_level.v Line: 61
    Warning (12110): Net "ReadData2[18]" is missing source, defaulting to GND File: C:/Users/lsvfi/Documents/Verilog/MIPS-Verilog/modulos/mips_top_level.v Line: 61
    Warning (12110): Net "ReadData2[17]" is missing source, defaulting to GND File: C:/Users/lsvfi/Documents/Verilog/MIPS-Verilog/modulos/mips_top_level.v Line: 61
    Warning (12110): Net "ReadData2[16]" is missing source, defaulting to GND File: C:/Users/lsvfi/Documents/Verilog/MIPS-Verilog/modulos/mips_top_level.v Line: 61
    Warning (12110): Net "ReadData2[15]" is missing source, defaulting to GND File: C:/Users/lsvfi/Documents/Verilog/MIPS-Verilog/modulos/mips_top_level.v Line: 61
    Warning (12110): Net "ReadData2[14]" is missing source, defaulting to GND File: C:/Users/lsvfi/Documents/Verilog/MIPS-Verilog/modulos/mips_top_level.v Line: 61
    Warning (12110): Net "ReadData2[13]" is missing source, defaulting to GND File: C:/Users/lsvfi/Documents/Verilog/MIPS-Verilog/modulos/mips_top_level.v Line: 61
    Warning (12110): Net "ReadData2[12]" is missing source, defaulting to GND File: C:/Users/lsvfi/Documents/Verilog/MIPS-Verilog/modulos/mips_top_level.v Line: 61
    Warning (12110): Net "ReadData2[11]" is missing source, defaulting to GND File: C:/Users/lsvfi/Documents/Verilog/MIPS-Verilog/modulos/mips_top_level.v Line: 61
    Warning (12110): Net "ReadData2[10]" is missing source, defaulting to GND File: C:/Users/lsvfi/Documents/Verilog/MIPS-Verilog/modulos/mips_top_level.v Line: 61
    Warning (12110): Net "ReadData2[9]" is missing source, defaulting to GND File: C:/Users/lsvfi/Documents/Verilog/MIPS-Verilog/modulos/mips_top_level.v Line: 61
    Warning (12110): Net "ReadData2[8]" is missing source, defaulting to GND File: C:/Users/lsvfi/Documents/Verilog/MIPS-Verilog/modulos/mips_top_level.v Line: 61
    Warning (12110): Net "ReadData2[7]" is missing source, defaulting to GND File: C:/Users/lsvfi/Documents/Verilog/MIPS-Verilog/modulos/mips_top_level.v Line: 61
    Warning (12110): Net "ReadData2[6]" is missing source, defaulting to GND File: C:/Users/lsvfi/Documents/Verilog/MIPS-Verilog/modulos/mips_top_level.v Line: 61
    Warning (12110): Net "ReadData2[5]" is missing source, defaulting to GND File: C:/Users/lsvfi/Documents/Verilog/MIPS-Verilog/modulos/mips_top_level.v Line: 61
    Warning (12110): Net "ReadData2[4]" is missing source, defaulting to GND File: C:/Users/lsvfi/Documents/Verilog/MIPS-Verilog/modulos/mips_top_level.v Line: 61
    Warning (12110): Net "ReadData2[3]" is missing source, defaulting to GND File: C:/Users/lsvfi/Documents/Verilog/MIPS-Verilog/modulos/mips_top_level.v Line: 61
    Warning (12110): Net "ReadData2[2]" is missing source, defaulting to GND File: C:/Users/lsvfi/Documents/Verilog/MIPS-Verilog/modulos/mips_top_level.v Line: 61
    Warning (12110): Net "ReadData2[1]" is missing source, defaulting to GND File: C:/Users/lsvfi/Documents/Verilog/MIPS-Verilog/modulos/mips_top_level.v Line: 61
    Warning (12110): Net "ReadData2[0]" is missing source, defaulting to GND File: C:/Users/lsvfi/Documents/Verilog/MIPS-Verilog/modulos/mips_top_level.v Line: 61
Info (276014): Found 1 instances of uninferred RAM logic
    Info (276007): RAM logic "i_mem:current_instruction|rom_mem" is uninferred due to asynchronous read logic File: C:/Users/lsvfi/Documents/Verilog/MIPS-Verilog/modulos/i_mem.v Line: 16
Warning (127007): Memory Initialization File or Hexadecimal (Intel-Format) File "C:/Users/lsvfi/Documents/Verilog/MIPS-Verilog/db/MIPS-Verilog.ram0_i_mem_72d5bc3.hdl.mif" contains "don't care" values -- overwriting them with 0s
Warning (12241): 4 hierarchies have connectivity warnings - see the Connectivity Checks report folder
Warning (13024): Output pins are stuck at VCC or GND
    Warning (13410): Pin "ula_result[0]" is stuck at VCC File: C:/Users/lsvfi/Documents/Verilog/MIPS-Verilog/modulos/mips_top_level.v Line: 10
    Warning (13410): Pin "ula_result[1]" is stuck at GND File: C:/Users/lsvfi/Documents/Verilog/MIPS-Verilog/modulos/mips_top_level.v Line: 10
    Warning (13410): Pin "ula_result[2]" is stuck at GND File: C:/Users/lsvfi/Documents/Verilog/MIPS-Verilog/modulos/mips_top_level.v Line: 10
    Warning (13410): Pin "ula_result[3]" is stuck at GND File: C:/Users/lsvfi/Documents/Verilog/MIPS-Verilog/modulos/mips_top_level.v Line: 10
    Warning (13410): Pin "ula_result[4]" is stuck at GND File: C:/Users/lsvfi/Documents/Verilog/MIPS-Verilog/modulos/mips_top_level.v Line: 10
    Warning (13410): Pin "ula_result[5]" is stuck at GND File: C:/Users/lsvfi/Documents/Verilog/MIPS-Verilog/modulos/mips_top_level.v Line: 10
    Warning (13410): Pin "ula_result[6]" is stuck at GND File: C:/Users/lsvfi/Documents/Verilog/MIPS-Verilog/modulos/mips_top_level.v Line: 10
    Warning (13410): Pin "ula_result[7]" is stuck at GND File: C:/Users/lsvfi/Documents/Verilog/MIPS-Verilog/modulos/mips_top_level.v Line: 10
    Warning (13410): Pin "ula_result[8]" is stuck at GND File: C:/Users/lsvfi/Documents/Verilog/MIPS-Verilog/modulos/mips_top_level.v Line: 10
    Warning (13410): Pin "ula_result[9]" is stuck at GND File: C:/Users/lsvfi/Documents/Verilog/MIPS-Verilog/modulos/mips_top_level.v Line: 10
    Warning (13410): Pin "ula_result[10]" is stuck at GND File: C:/Users/lsvfi/Documents/Verilog/MIPS-Verilog/modulos/mips_top_level.v Line: 10
    Warning (13410): Pin "ula_result[11]" is stuck at GND File: C:/Users/lsvfi/Documents/Verilog/MIPS-Verilog/modulos/mips_top_level.v Line: 10
    Warning (13410): Pin "ula_result[12]" is stuck at GND File: C:/Users/lsvfi/Documents/Verilog/MIPS-Verilog/modulos/mips_top_level.v Line: 10
    Warning (13410): Pin "ula_result[13]" is stuck at GND File: C:/Users/lsvfi/Documents/Verilog/MIPS-Verilog/modulos/mips_top_level.v Line: 10
    Warning (13410): Pin "ula_result[14]" is stuck at GND File: C:/Users/lsvfi/Documents/Verilog/MIPS-Verilog/modulos/mips_top_level.v Line: 10
    Warning (13410): Pin "ula_result[15]" is stuck at GND File: C:/Users/lsvfi/Documents/Verilog/MIPS-Verilog/modulos/mips_top_level.v Line: 10
    Warning (13410): Pin "ula_result[16]" is stuck at GND File: C:/Users/lsvfi/Documents/Verilog/MIPS-Verilog/modulos/mips_top_level.v Line: 10
    Warning (13410): Pin "ula_result[17]" is stuck at GND File: C:/Users/lsvfi/Documents/Verilog/MIPS-Verilog/modulos/mips_top_level.v Line: 10
    Warning (13410): Pin "ula_result[18]" is stuck at GND File: C:/Users/lsvfi/Documents/Verilog/MIPS-Verilog/modulos/mips_top_level.v Line: 10
    Warning (13410): Pin "ula_result[19]" is stuck at GND File: C:/Users/lsvfi/Documents/Verilog/MIPS-Verilog/modulos/mips_top_level.v Line: 10
    Warning (13410): Pin "ula_result[20]" is stuck at GND File: C:/Users/lsvfi/Documents/Verilog/MIPS-Verilog/modulos/mips_top_level.v Line: 10
    Warning (13410): Pin "ula_result[21]" is stuck at GND File: C:/Users/lsvfi/Documents/Verilog/MIPS-Verilog/modulos/mips_top_level.v Line: 10
    Warning (13410): Pin "ula_result[22]" is stuck at GND File: C:/Users/lsvfi/Documents/Verilog/MIPS-Verilog/modulos/mips_top_level.v Line: 10
    Warning (13410): Pin "ula_result[23]" is stuck at GND File: C:/Users/lsvfi/Documents/Verilog/MIPS-Verilog/modulos/mips_top_level.v Line: 10
    Warning (13410): Pin "ula_result[24]" is stuck at GND File: C:/Users/lsvfi/Documents/Verilog/MIPS-Verilog/modulos/mips_top_level.v Line: 10
    Warning (13410): Pin "ula_result[25]" is stuck at GND File: C:/Users/lsvfi/Documents/Verilog/MIPS-Verilog/modulos/mips_top_level.v Line: 10
    Warning (13410): Pin "ula_result[26]" is stuck at GND File: C:/Users/lsvfi/Documents/Verilog/MIPS-Verilog/modulos/mips_top_level.v Line: 10
    Warning (13410): Pin "ula_result[27]" is stuck at GND File: C:/Users/lsvfi/Documents/Verilog/MIPS-Verilog/modulos/mips_top_level.v Line: 10
    Warning (13410): Pin "ula_result[28]" is stuck at GND File: C:/Users/lsvfi/Documents/Verilog/MIPS-Verilog/modulos/mips_top_level.v Line: 10
    Warning (13410): Pin "ula_result[29]" is stuck at GND File: C:/Users/lsvfi/Documents/Verilog/MIPS-Verilog/modulos/mips_top_level.v Line: 10
    Warning (13410): Pin "ula_result[30]" is stuck at GND File: C:/Users/lsvfi/Documents/Verilog/MIPS-Verilog/modulos/mips_top_level.v Line: 10
    Warning (13410): Pin "ula_result[31]" is stuck at GND File: C:/Users/lsvfi/Documents/Verilog/MIPS-Verilog/modulos/mips_top_level.v Line: 10
Info (286030): Timing-Driven Synthesis is running
Info (144001): Generated suppressed messages file C:/Users/lsvfi/Documents/Verilog/MIPS-Verilog/output_files/MIPS-Verilog.map.smsg
Info (16010): Generating hard_block partition "hard_block:auto_generated_inst"
    Info (16011): Adding 0 node(s), including 0 DDIO, 0 PLL, 0 transceiver and 0 LCELL
Warning (21074): Design contains 1 input pin(s) that do not drive logic
    Warning (15610): No output dependent on input pin "reset" File: C:/Users/lsvfi/Documents/Verilog/MIPS-Verilog/modulos/mips_top_level.v Line: 9
Info (21057): Implemented 163 device resources after synthesis - the final resource count might be different
    Info (21058): Implemented 2 input pins
    Info (21059): Implemented 96 output pins
    Info (21061): Implemented 65 logic cells
Info: Quartus Prime Analysis & Synthesis was successful. 0 errors, 241 warnings
    Info: Peak virtual memory: 4813 megabytes
    Info: Processing ended: Mon Feb 19 13:22:42 2024
    Info: Elapsed time: 00:00:09
    Info: Total CPU time (on all processors): 00:00:23


+------------------------------------------+
; Analysis & Synthesis Suppressed Messages ;
+------------------------------------------+
The suppressed messages can be found in C:/Users/lsvfi/Documents/Verilog/MIPS-Verilog/output_files/MIPS-Verilog.map.smsg.


